[2m2026-09-13T16:03:30.965234Z[0m [33m WARN[0m [2msalmon[0m[2m:[0m --validateMappings has no effect (deprecated in salmon too): selective alignment is the default mapping mode; pass --sketch for pseudoalignment.
[2m2026-09-13T16:03:30.968459Z[0m [32m INFO[0m [2mpiscem_rs::index::reference_index[0m[2m:[0m Loading SSHash dictionary from <PROJECT_ROOT>/refs/index/salmon/k25_decoy_host/index.ssi
[2m2026-09-13T16:03:30.977718Z[0m [32m INFO[0m [2mpiscem_rs::index::reference_index[0m[2m:[0m   k=25, 28642 strings
[2m2026-09-13T16:03:30.977748Z[0m [32m INFO[0m [2mpiscem_rs::index::reference_index[0m[2m:[0m Loading contig table from <PROJECT_ROOT>/refs/index/salmon/k25_decoy_host/index.ctab
[2m2026-09-13T16:03:30.977981Z[0m [32m INFO[0m [2mpiscem_rs::index::reference_index[0m[2m:[0m   28642 contigs, 122315 entries, entry_width=35 bits
[2m2026-09-13T16:03:30.977990Z[0m [32m INFO[0m [2mpiscem_rs::index::reference_index[0m[2m:[0m Loading reference info from <PROJECT_ROOT>/refs/index/salmon/k25_decoy_host/index.refinfo
[2m2026-09-13T16:03:30.978321Z[0m [32m INFO[0m [2mpiscem_rs::index::reference_index[0m[2m:[0m   6312 references, max_ref_len=1531933
[2m2026-09-13T16:03:30.978344Z[0m [32m INFO[0m [2mpiscem_rs::index::reference_index[0m[2m:[0m Loading equivalence class table from <PROJECT_ROOT>/refs/index/salmon/k25_decoy_host/index.ectab
[2m2026-09-13T16:03:30.978452Z[0m [32m INFO[0m [2mpiscem_rs::index::reference_index[0m[2m:[0m   28642 tiles, 11747 ECs, 54073 label entries
[2m2026-09-13T16:03:30.978459Z[0m [32m INFO[0m [2mpiscem_rs::index::reference_index[0m[2m:[0m   ref_shift=22, pos_mask=0x1fffff
[2m2026-09-13T16:03:30.990402Z[0m [32m INFO[0m [2msalmon::timing[0m[2m:[0m phase complete [3mphase[0m[2m=[0m"index_load" [3melapsed_s[0m[2m=[0m0.021976655
[2m2026-09-13T16:03:30.992569Z[0m [32m INFO[0m [2mpiscem_rs::io::calibrate[0m[2m:[0m using the serial decoder: 8 threads for 1 gzip input(s) is below the 50 threads per input needed before parallel decoding adds concurrency the serial path does not already have
[2m2026-09-13T16:03:30.992691Z[0m [32m INFO[0m [2msalmon_quant::decode[0m[2m:[0m thread execution plan [3mrequested_budget[0m[2m=[0m8 [3meffective_budget[0m[2m=[0m8 [3mmapping_threads[0m[2m=[0m8 [3mdecode_slots[0m[2m=[0m0 [3mparallel_decode[0m[2m=[0mfalse [3mreason[0m[2m=[0mPolicyDeclined
[2m2026-09-13T16:03:30.992705Z[0m [32m INFO[0m [2msalmon_quant[0m[2m:[0m mapping reads (selective-alignment mode, 8 threads)
[2m2026-09-13T16:04:03.989371Z[0m [32m INFO[0m [2msalmon_quant[0m[2m:[0m mapped 29946327 / 36049538 fragments (83.07%)
[2m2026-09-13T16:04:03.990215Z[0m [32m INFO[0m [2msalmon::timing[0m[2m:[0m phase complete [3mphase[0m[2m=[0m"mapping" [3melapsed_s[0m[2m=[0m30.495177303
[2m2026-09-13T16:04:03.990482Z[0m [32m INFO[0m [2msalmon::timing[0m[2m:[0m phase complete [3mphase[0m[2m=[0m"eff_length_collapse" [3melapsed_s[0m[2m=[0m0.000268875
[2m2026-09-13T16:04:04.044402Z[0m [32m INFO[0m [2msalmon::timing[0m[2m:[0m phase complete [3mphase[0m[2m=[0m"em_bias" [3melapsed_s[0m[2m=[0m0.053914765
[2m2026-09-13T16:04:04.044439Z[0m [32m INFO[0m [2msalmon::timing[0m[2m:[0m phase complete [3mphase[0m[2m=[0m"posterior" [3melapsed_s[0m[2m=[0m4.3568e-5
[2m2026-09-13T16:04:04.044907Z[0m [32m INFO[0m [2msalmon_quant[0m[2m:[0m writing results to <PROJECT_ROOT>/results/quantification/salmon_k25/SRR1166446_JCYL002D_cellobiose
[2m2026-09-13T16:04:04.049204Z[0m [32m INFO[0m [2msalmon::timing[0m[2m:[0m phase complete [3mphase[0m[2m=[0m"output" [3melapsed_s[0m[2m=[0m0.004758859
[2m2026-09-13T16:04:04.049352Z[0m [32m INFO[0m [2msalmon[0m[2m:[0m deterministic: mapped 29946327 / 36049538 fragments (83.07%); quantifying from intermediate RAD
[2m2026-09-13T16:04:04.059794Z[0m [32m INFO[0m [2msalmon_align::rad[0m[2m:[0m quantifying from RAD (salmon SA), 6312 references
[2m2026-09-13T16:04:04.059999Z[0m [32m INFO[0m [2msalmon_align::rad[0m[2m:[0m using fragment-length distribution baked in the RAD header
[2m2026-09-13T16:04:04.060024Z[0m [32m INFO[0m [2msalmon_align::rad[0m[2m:[0m library format under `-l A`: U (baked in RAD header)
[2m2026-09-13T16:04:08.258275Z[0m [32m INFO[0m [2msalmon_align::rad[0m[2m:[0m mapped 29946327 / 36049538 fragments from RAD
[2m2026-09-13T16:04:08.265349Z[0m [32m INFO[0m [2msalmon::timing[0m[2m:[0m phase complete [3mphase[0m[2m=[0m"rad_read" [3melapsed_s[0m[2m=[0m4.209591724
[2m2026-09-13T16:04:11.856421Z[0m [32m INFO[0m [2msalmon::timing[0m[2m:[0m phase complete [3mphase[0m[2m=[0m"em_bias" [3melapsed_s[0m[2m=[0m3.591071903
[2m2026-09-13T16:04:11.856625Z[0m [32m INFO[0m [2msalmon::timing[0m[2m:[0m phase complete [3mphase[0m[2m=[0m"posterior" [3melapsed_s[0m[2m=[0m0.00021081
[2m2026-09-13T16:04:11.864889Z[0m [32m INFO[0m [2msalmon::timing[0m[2m:[0m phase complete [3mphase[0m[2m=[0m"output" [3melapsed_s[0m[2m=[0m0.008237188
[2m2026-09-13T16:04:11.866059Z[0m [32m INFO[0m [2msalmon[0m[2m:[0m 36049538 fragments from intermediate RAD, 29946327 quantified (83.07%); 9887 equivalence classes
