[2m2026-09-13T15:44:13.772756Z[0m [33m WARN[0m [2msalmon[0m[2m:[0m --validateMappings has no effect (deprecated in salmon too): selective alignment is the default mapping mode; pass --sketch for pseudoalignment.
[2m2026-09-13T15:44:13.777398Z[0m [32m INFO[0m [2mpiscem_rs::index::reference_index[0m[2m:[0m Loading SSHash dictionary from <PROJECT_ROOT>/refs/index/salmon/k25_decoy_host/index.ssi
[2m2026-09-13T15:44:13.791721Z[0m [32m INFO[0m [2mpiscem_rs::index::reference_index[0m[2m:[0m   k=25, 28642 strings
[2m2026-09-13T15:44:13.791761Z[0m [32m INFO[0m [2mpiscem_rs::index::reference_index[0m[2m:[0m Loading contig table from <PROJECT_ROOT>/refs/index/salmon/k25_decoy_host/index.ctab
[2m2026-09-13T15:44:13.793252Z[0m [32m INFO[0m [2mpiscem_rs::index::reference_index[0m[2m:[0m   28642 contigs, 122315 entries, entry_width=35 bits
[2m2026-09-13T15:44:13.793268Z[0m [32m INFO[0m [2mpiscem_rs::index::reference_index[0m[2m:[0m Loading reference info from <PROJECT_ROOT>/refs/index/salmon/k25_decoy_host/index.refinfo
[2m2026-09-13T15:44:13.794862Z[0m [32m INFO[0m [2mpiscem_rs::index::reference_index[0m[2m:[0m   6312 references, max_ref_len=1531933
[2m2026-09-13T15:44:13.794941Z[0m [32m INFO[0m [2mpiscem_rs::index::reference_index[0m[2m:[0m Loading equivalence class table from <PROJECT_ROOT>/refs/index/salmon/k25_decoy_host/index.ectab
[2m2026-09-13T15:44:13.795894Z[0m [32m INFO[0m [2mpiscem_rs::index::reference_index[0m[2m:[0m   28642 tiles, 11747 ECs, 54073 label entries
[2m2026-09-13T15:44:13.795916Z[0m [32m INFO[0m [2mpiscem_rs::index::reference_index[0m[2m:[0m   ref_shift=22, pos_mask=0x1fffff
[2m2026-09-13T15:44:13.812567Z[0m [32m INFO[0m [2msalmon::timing[0m[2m:[0m phase complete [3mphase[0m[2m=[0m"index_load" [3melapsed_s[0m[2m=[0m0.035571618
[2m2026-09-13T15:44:13.813957Z[0m [32m INFO[0m [2mpiscem_rs::io::calibrate[0m[2m:[0m using the serial decoder: 8 threads for 1 gzip input(s) is below the 50 threads per input needed before parallel decoding adds concurrency the serial path does not already have
[2m2026-09-13T15:44:13.814137Z[0m [32m INFO[0m [2msalmon_quant::decode[0m[2m:[0m thread execution plan [3mrequested_budget[0m[2m=[0m8 [3meffective_budget[0m[2m=[0m8 [3mmapping_threads[0m[2m=[0m8 [3mdecode_slots[0m[2m=[0m0 [3mparallel_decode[0m[2m=[0mfalse [3mreason[0m[2m=[0mPolicyDeclined
[2m2026-09-13T15:44:13.814159Z[0m [32m INFO[0m [2msalmon_quant[0m[2m:[0m mapping reads (selective-alignment mode, 8 threads)
[2m2026-09-13T15:45:02.928392Z[0m [32m INFO[0m [2msalmon_quant[0m[2m:[0m mapped 32266118 / 38461692 fragments (83.89%)
[2m2026-09-13T15:45:02.928420Z[0m [32m INFO[0m [2msalmon::timing[0m[2m:[0m phase complete [3mphase[0m[2m=[0m"mapping" [3melapsed_s[0m[2m=[0m46.383053018
[2m2026-09-13T15:45:02.928682Z[0m [32m INFO[0m [2msalmon::timing[0m[2m:[0m phase complete [3mphase[0m[2m=[0m"eff_length_collapse" [3melapsed_s[0m[2m=[0m0.000261712
[2m2026-09-13T15:45:02.991133Z[0m [32m INFO[0m [2msalmon::timing[0m[2m:[0m phase complete [3mphase[0m[2m=[0m"em_bias" [3melapsed_s[0m[2m=[0m0.062445257
[2m2026-09-13T15:45:02.991164Z[0m [32m INFO[0m [2msalmon::timing[0m[2m:[0m phase complete [3mphase[0m[2m=[0m"posterior" [3melapsed_s[0m[2m=[0m3.7902e-5
[2m2026-09-13T15:45:02.992027Z[0m [32m INFO[0m [2msalmon_quant[0m[2m:[0m writing results to <PROJECT_ROOT>/results/quantification/salmon_k25/SRR1166442_JCYL001B_glucose
[2m2026-09-13T15:45:02.996909Z[0m [32m INFO[0m [2msalmon::timing[0m[2m:[0m phase complete [3mphase[0m[2m=[0m"output" [3melapsed_s[0m[2m=[0m0.005737439
[2m2026-09-13T15:45:02.997006Z[0m [32m INFO[0m [2msalmon[0m[2m:[0m deterministic: mapped 32266118 / 38461692 fragments (83.89%); quantifying from intermediate RAD
[2m2026-09-13T15:45:03.011182Z[0m [32m INFO[0m [2msalmon_align::rad[0m[2m:[0m quantifying from RAD (salmon SA), 6312 references
[2m2026-09-13T15:45:03.011312Z[0m [32m INFO[0m [2msalmon_align::rad[0m[2m:[0m using fragment-length distribution baked in the RAD header
[2m2026-09-13T15:45:03.011318Z[0m [32m INFO[0m [2msalmon_align::rad[0m[2m:[0m library format under `-l A`: U (baked in RAD header)
[2m2026-09-13T15:45:06.976750Z[0m [32m INFO[0m [2msalmon_align::rad[0m[2m:[0m mapped 32266118 / 38461692 fragments from RAD
[2m2026-09-13T15:45:06.987024Z[0m [32m INFO[0m [2msalmon::timing[0m[2m:[0m phase complete [3mphase[0m[2m=[0m"rad_read" [3melapsed_s[0m[2m=[0m3.976358577
[2m2026-09-13T15:45:16.322322Z[0m [32m INFO[0m [2msalmon::timing[0m[2m:[0m phase complete [3mphase[0m[2m=[0m"em_bias" [3melapsed_s[0m[2m=[0m6.662256246
[2m2026-09-13T15:45:16.322543Z[0m [32m INFO[0m [2msalmon::timing[0m[2m:[0m phase complete [3mphase[0m[2m=[0m"posterior" [3melapsed_s[0m[2m=[0m0.000226947
[2m2026-09-13T15:45:16.330400Z[0m [32m INFO[0m [2msalmon::timing[0m[2m:[0m phase complete [3mphase[0m[2m=[0m"output" [3melapsed_s[0m[2m=[0m0.007851884
[2m2026-09-13T15:45:16.331937Z[0m [32m INFO[0m [2msalmon[0m[2m:[0m 38461692 fragments from intermediate RAD, 32266118 quantified (83.89%); 10784 equivalence classes
