[2m2026-09-13T15:45:17.278865Z[0m [33m WARN[0m [2msalmon[0m[2m:[0m --validateMappings has no effect (deprecated in salmon too): selective alignment is the default mapping mode; pass --sketch for pseudoalignment.
[2m2026-09-13T15:45:17.282934Z[0m [32m INFO[0m [2mpiscem_rs::index::reference_index[0m[2m:[0m Loading SSHash dictionary from <PROJECT_ROOT>/refs/index/salmon/k25_decoy_host/index.ssi
[2m2026-09-13T15:45:17.297957Z[0m [32m INFO[0m [2mpiscem_rs::index::reference_index[0m[2m:[0m   k=25, 28642 strings
[2m2026-09-13T15:45:17.297976Z[0m [32m INFO[0m [2mpiscem_rs::index::reference_index[0m[2m:[0m Loading contig table from <PROJECT_ROOT>/refs/index/salmon/k25_decoy_host/index.ctab
[2m2026-09-13T15:45:17.298787Z[0m [32m INFO[0m [2mpiscem_rs::index::reference_index[0m[2m:[0m   28642 contigs, 122315 entries, entry_width=35 bits
[2m2026-09-13T15:45:17.298798Z[0m [32m INFO[0m [2mpiscem_rs::index::reference_index[0m[2m:[0m Loading reference info from <PROJECT_ROOT>/refs/index/salmon/k25_decoy_host/index.refinfo
[2m2026-09-13T15:45:17.299319Z[0m [32m INFO[0m [2mpiscem_rs::index::reference_index[0m[2m:[0m   6312 references, max_ref_len=1531933
[2m2026-09-13T15:45:17.299339Z[0m [32m INFO[0m [2mpiscem_rs::index::reference_index[0m[2m:[0m Loading equivalence class table from <PROJECT_ROOT>/refs/index/salmon/k25_decoy_host/index.ectab
[2m2026-09-13T15:45:17.299691Z[0m [32m INFO[0m [2mpiscem_rs::index::reference_index[0m[2m:[0m   28642 tiles, 11747 ECs, 54073 label entries
[2m2026-09-13T15:45:17.299707Z[0m [32m INFO[0m [2mpiscem_rs::index::reference_index[0m[2m:[0m   ref_shift=22, pos_mask=0x1fffff
[2m2026-09-13T15:45:17.309635Z[0m [32m INFO[0m [2msalmon::timing[0m[2m:[0m phase complete [3mphase[0m[2m=[0m"index_load" [3melapsed_s[0m[2m=[0m0.026747648
[2m2026-09-13T15:45:17.310685Z[0m [32m INFO[0m [2mpiscem_rs::io::calibrate[0m[2m:[0m using the serial decoder: 8 threads for 1 gzip input(s) is below the 50 threads per input needed before parallel decoding adds concurrency the serial path does not already have
[2m2026-09-13T15:45:17.310870Z[0m [32m INFO[0m [2msalmon_quant::decode[0m[2m:[0m thread execution plan [3mrequested_budget[0m[2m=[0m8 [3meffective_budget[0m[2m=[0m8 [3mmapping_threads[0m[2m=[0m8 [3mdecode_slots[0m[2m=[0m0 [3mparallel_decode[0m[2m=[0mfalse [3mreason[0m[2m=[0mPolicyDeclined
[2m2026-09-13T15:45:17.310889Z[0m [32m INFO[0m [2msalmon_quant[0m[2m:[0m mapping reads (selective-alignment mode, 8 threads)
[2m2026-09-13T15:45:49.685696Z[0m [32m INFO[0m [2msalmon_quant[0m[2m:[0m mapped 28577507 / 33646641 fragments (84.93%)
[2m2026-09-13T15:45:49.686482Z[0m [32m INFO[0m [2msalmon::timing[0m[2m:[0m phase complete [3mphase[0m[2m=[0m"mapping" [3melapsed_s[0m[2m=[0m29.671430052
[2m2026-09-13T15:45:49.686719Z[0m [32m INFO[0m [2msalmon::timing[0m[2m:[0m phase complete [3mphase[0m[2m=[0m"eff_length_collapse" [3melapsed_s[0m[2m=[0m0.000238534
[2m2026-09-13T15:45:49.710683Z[0m [32m INFO[0m [2msalmon::timing[0m[2m:[0m phase complete [3mphase[0m[2m=[0m"em_bias" [3melapsed_s[0m[2m=[0m0.023957439
[2m2026-09-13T15:45:49.710722Z[0m [32m INFO[0m [2msalmon::timing[0m[2m:[0m phase complete [3mphase[0m[2m=[0m"posterior" [3melapsed_s[0m[2m=[0m4.686e-5
[2m2026-09-13T15:45:49.711177Z[0m [32m INFO[0m [2msalmon_quant[0m[2m:[0m writing results to <PROJECT_ROOT>/results/quantification/salmon_k25/SRR1166444_JCYL003B_glucose
[2m2026-09-13T15:45:49.715525Z[0m [32m INFO[0m [2msalmon::timing[0m[2m:[0m phase complete [3mphase[0m[2m=[0m"output" [3melapsed_s[0m[2m=[0m0.004796257
[2m2026-09-13T15:45:49.715646Z[0m [32m INFO[0m [2msalmon[0m[2m:[0m deterministic: mapped 28577507 / 33646641 fragments (84.93%); quantifying from intermediate RAD
[2m2026-09-13T15:45:49.732732Z[0m [32m INFO[0m [2msalmon_align::rad[0m[2m:[0m quantifying from RAD (salmon SA), 6312 references
[2m2026-09-13T15:45:49.732887Z[0m [32m INFO[0m [2msalmon_align::rad[0m[2m:[0m using fragment-length distribution baked in the RAD header
[2m2026-09-13T15:45:49.732906Z[0m [32m INFO[0m [2msalmon_align::rad[0m[2m:[0m library format under `-l A`: U (baked in RAD header)
[2m2026-09-13T15:45:53.125644Z[0m [32m INFO[0m [2msalmon_align::rad[0m[2m:[0m mapped 28577507 / 33646641 fragments from RAD
[2m2026-09-13T15:45:53.134426Z[0m [32m INFO[0m [2msalmon::timing[0m[2m:[0m phase complete [3mphase[0m[2m=[0m"rad_read" [3melapsed_s[0m[2m=[0m3.405833789
[2m2026-09-13T15:45:57.521105Z[0m [32m INFO[0m [2msalmon::timing[0m[2m:[0m phase complete [3mphase[0m[2m=[0m"em_bias" [3melapsed_s[0m[2m=[0m4.386682564
[2m2026-09-13T15:45:57.521305Z[0m [32m INFO[0m [2msalmon::timing[0m[2m:[0m phase complete [3mphase[0m[2m=[0m"posterior" [3melapsed_s[0m[2m=[0m0.000205087
[2m2026-09-13T15:45:57.526764Z[0m [32m INFO[0m [2msalmon::timing[0m[2m:[0m phase complete [3mphase[0m[2m=[0m"output" [3melapsed_s[0m[2m=[0m0.005454529
[2m2026-09-13T15:45:57.527926Z[0m [32m INFO[0m [2msalmon[0m[2m:[0m 33646641 fragments from intermediate RAD, 28577507 quantified (84.93%); 10400 equivalence classes
