[2m2026-09-13T16:01:24.532311Z[0m [33m WARN[0m [2msalmon[0m[2m:[0m --validateMappings has no effect (deprecated in salmon too): selective alignment is the default mapping mode; pass --sketch for pseudoalignment.
[2m2026-09-13T16:01:24.535520Z[0m [32m INFO[0m [2mpiscem_rs::index::reference_index[0m[2m:[0m Loading SSHash dictionary from <PROJECT_ROOT>/refs/index/salmon/k31_decoy_host/index.ssi
[2m2026-09-13T16:01:24.540243Z[0m [32m INFO[0m [2mpiscem_rs::index::reference_index[0m[2m:[0m   k=31, 24186 strings
[2m2026-09-13T16:01:24.540272Z[0m [32m INFO[0m [2mpiscem_rs::index::reference_index[0m[2m:[0m Loading contig table from <PROJECT_ROOT>/refs/index/salmon/k31_decoy_host/index.ctab
[2m2026-09-13T16:01:24.540672Z[0m [32m INFO[0m [2mpiscem_rs::index::reference_index[0m[2m:[0m   24186 contigs, 97261 entries, entry_width=35 bits
[2m2026-09-13T16:01:24.540680Z[0m [32m INFO[0m [2mpiscem_rs::index::reference_index[0m[2m:[0m Loading reference info from <PROJECT_ROOT>/refs/index/salmon/k31_decoy_host/index.refinfo
[2m2026-09-13T16:01:24.541107Z[0m [32m INFO[0m [2mpiscem_rs::index::reference_index[0m[2m:[0m   6312 references, max_ref_len=1531933
[2m2026-09-13T16:01:24.541124Z[0m [32m INFO[0m [2mpiscem_rs::index::reference_index[0m[2m:[0m Loading equivalence class table from <PROJECT_ROOT>/refs/index/salmon/k31_decoy_host/index.ectab
[2m2026-09-13T16:01:24.541175Z[0m [32m INFO[0m [2mpiscem_rs::index::reference_index[0m[2m:[0m   24186 tiles, 10490 ECs, 45849 label entries
[2m2026-09-13T16:01:24.541182Z[0m [32m INFO[0m [2mpiscem_rs::index::reference_index[0m[2m:[0m   ref_shift=22, pos_mask=0x1fffff
[2m2026-09-13T16:01:24.548482Z[0m [32m INFO[0m [2msalmon::timing[0m[2m:[0m phase complete [3mphase[0m[2m=[0m"index_load" [3melapsed_s[0m[2m=[0m0.01300441
[2m2026-09-13T16:01:24.549280Z[0m [32m INFO[0m [2mpiscem_rs::io::calibrate[0m[2m:[0m using the serial decoder: 8 threads for 1 gzip input(s) is below the 50 threads per input needed before parallel decoding adds concurrency the serial path does not already have
[2m2026-09-13T16:01:24.549358Z[0m [32m INFO[0m [2msalmon_quant::decode[0m[2m:[0m thread execution plan [3mrequested_budget[0m[2m=[0m8 [3meffective_budget[0m[2m=[0m8 [3mmapping_threads[0m[2m=[0m8 [3mdecode_slots[0m[2m=[0m0 [3mparallel_decode[0m[2m=[0mfalse [3mreason[0m[2m=[0mPolicyDeclined
[2m2026-09-13T16:01:24.549369Z[0m [32m INFO[0m [2msalmon_quant[0m[2m:[0m mapping reads (selective-alignment mode, 8 threads)
[2m2026-09-13T16:01:53.058705Z[0m [32m INFO[0m [2msalmon_quant[0m[2m:[0m mapped 29479335 / 36049538 fragments (81.77%)
[2m2026-09-13T16:01:53.058758Z[0m [32m INFO[0m [2msalmon::timing[0m[2m:[0m phase complete [3mphase[0m[2m=[0m"mapping" [3melapsed_s[0m[2m=[0m25.950869797
[2m2026-09-13T16:01:53.058968Z[0m [32m INFO[0m [2msalmon::timing[0m[2m:[0m phase complete [3mphase[0m[2m=[0m"eff_length_collapse" [3melapsed_s[0m[2m=[0m0.00021062
[2m2026-09-13T16:01:53.127078Z[0m [32m INFO[0m [2msalmon::timing[0m[2m:[0m phase complete [3mphase[0m[2m=[0m"em_bias" [3melapsed_s[0m[2m=[0m0.068104344
[2m2026-09-13T16:01:53.127116Z[0m [32m INFO[0m [2msalmon::timing[0m[2m:[0m phase complete [3mphase[0m[2m=[0m"posterior" [3melapsed_s[0m[2m=[0m4.3705e-5
[2m2026-09-13T16:01:53.127876Z[0m [32m INFO[0m [2msalmon_quant[0m[2m:[0m writing results to <PROJECT_ROOT>/results/quantification/salmon/SRR1166446_JCYL002D_cellobiose
[2m2026-09-13T16:01:53.132442Z[0m [32m INFO[0m [2msalmon::timing[0m[2m:[0m phase complete [3mphase[0m[2m=[0m"output" [3melapsed_s[0m[2m=[0m0.005320791
[2m2026-09-13T16:01:53.132501Z[0m [32m INFO[0m [2msalmon[0m[2m:[0m deterministic: mapped 29479335 / 36049538 fragments (81.77%); quantifying from intermediate RAD
[2m2026-09-13T16:01:53.146240Z[0m [32m INFO[0m [2msalmon_align::rad[0m[2m:[0m quantifying from RAD (salmon SA), 6312 references
[2m2026-09-13T16:01:53.146422Z[0m [32m INFO[0m [2msalmon_align::rad[0m[2m:[0m using fragment-length distribution baked in the RAD header
[2m2026-09-13T16:01:53.146428Z[0m [32m INFO[0m [2msalmon_align::rad[0m[2m:[0m library format under `-l A`: U (baked in RAD header)
[2m2026-09-13T16:01:55.525720Z[0m [32m INFO[0m [2msalmon_align::rad[0m[2m:[0m mapped 29479335 / 36049538 fragments from RAD
[2m2026-09-13T16:01:55.531859Z[0m [32m INFO[0m [2msalmon::timing[0m[2m:[0m phase complete [3mphase[0m[2m=[0m"rad_read" [3melapsed_s[0m[2m=[0m2.386492479
[2m2026-09-13T16:01:59.347857Z[0m [32m INFO[0m [2msalmon::timing[0m[2m:[0m phase complete [3mphase[0m[2m=[0m"em_bias" [3melapsed_s[0m[2m=[0m3.815992143
[2m2026-09-13T16:01:59.348084Z[0m [32m INFO[0m [2msalmon::timing[0m[2m:[0m phase complete [3mphase[0m[2m=[0m"posterior" [3melapsed_s[0m[2m=[0m0.000239572
[2m2026-09-13T16:01:59.353871Z[0m [32m INFO[0m [2msalmon::timing[0m[2m:[0m phase complete [3mphase[0m[2m=[0m"output" [3melapsed_s[0m[2m=[0m0.005782616
[2m2026-09-13T16:01:59.356985Z[0m [32m INFO[0m [2msalmon[0m[2m:[0m 36049538 fragments from intermediate RAD, 29479335 quantified (81.77%); 9711 equivalence classes
